SCH,9
SCH,NONE
SCH,02712462,UAFBOWU HONG,CL3,010-9054-6560,19780825
SCH,09752663,VWCGM OH,CL3,010-6288-1811,19860720
SCH,94526445,VLPDHI LEE,CL4,010-7975-9766,19721111
SCH,NONE
SCH,NONE
SCH,NONE
SCH,99398134,JYFMBMT OH,CL4,010-5269-9657,19730321
SCH,NONE
SCH,02712462,UAFBOWU HONG,CL3,010-9054-6560,19780825
SCH,NONE
SCH,NONE
SCH,NONE
SCH,02712462,UAFBOWU HONG,CL3,010-9054-6560,19780825
SCH,03717863,NSESFBLRK KIM,CL3,010-4108-4007,19770502
SCH,7
SCH,NONE
SCH,93728322,QSJYRB HONG,CL4,010-3602-4064,19690603
SCH,03249872,TYLNXWQN OH,CL3,010-7910-1669,19820828
