MOD,12345678,YUJIN KIM,CL2,010-0970-0055,19900101,PRO
MOD,34567890,MIN KIM,CL2,010-0970-0066,19900106,PRO
MOD,56789012,PARK KIM,CL1,010-1111-2223,19901206,PRO
MOD,67890123,YUJIN KIM,CL1,010-1111-2224,19900106,ADV