MOD,12345678,YUJIN KIM,CL2,010-0970-0055,19900101,PRO
MOD,23456789,YUJIN LEE,CL2,010-0970-0055,19920101,PRO